\BOOKMARK [1][-]{section*.1}{Summary}{}% 1
\BOOKMARK [1][-]{section*.2}{Acknoledge}{}% 2
\BOOKMARK [1][-]{chapter*.4}{List of Figures}{}% 3
\BOOKMARK [1][-]{chapter*.5}{List of Tables}{}% 4
\BOOKMARK [1][-]{section.0.1}{Introduction}{}% 5
\BOOKMARK [1][-]{section.0.2}{Methodology}{}% 6
\BOOKMARK [2][-]{subsection.0.2.1}{materials}{section.0.2}% 7
